Drawable.hpp:64:13:touchgfx::Drawable::~Drawable()	16	static
Drawable.hpp:64:13:virtual touchgfx::Drawable::~Drawable()	16	static
Drawable.hpp:134:23:virtual touchgfx::Drawable* touchgfx::Drawable::getFirstChild()	16	static
Drawable.hpp:271:18:virtual void touchgfx::Drawable::setX(int16_t)	16	static
Drawable.hpp:283:18:virtual void touchgfx::Drawable::setY(int16_t)	16	static
Drawable.hpp:312:18:virtual void touchgfx::Drawable::setWidth(int16_t)	16	static
Drawable.hpp:324:18:virtual void touchgfx::Drawable::setHeight(int16_t)	16	static
Drawable.hpp:334:18:virtual void touchgfx::Drawable::childGeometryChanged()	16	static
Drawable.hpp:345:18:virtual void touchgfx::Drawable::handleClickEvent(const touchgfx::ClickEvent&)	16	static
Drawable.hpp:356:18:virtual void touchgfx::Drawable::handleGestureEvent(const touchgfx::GestureEvent&)	16	static
Drawable.hpp:444:18:virtual void touchgfx::Drawable::handleDragEvent(const touchgfx::DragEvent&)	16	static
Drawable.hpp:454:18:virtual void touchgfx::Drawable::handleTickEvent()	16	static
Drawable.hpp:490:10:bool touchgfx::Drawable::isVisible() const	16	static
Drawable.hpp:502:10:bool touchgfx::Drawable::isTouchable() const	16	static
Drawable.hpp:541:18:virtual void touchgfx::Drawable::moveTo(int16_t, int16_t)	16	static
Drawable.hpp:578:10:void touchgfx::Drawable::resetDrawChainCache()	16	static
Drawable.hpp:656:18:virtual void touchgfx::Drawable::setupDrawChain(const touchgfx::Rect&, touchgfx::Drawable**)	24	static
Container.hpp:154:23:virtual touchgfx::Drawable* touchgfx::Container::getFirstChild()	16	static
Screen.hpp:49:13:touchgfx::Screen::~Screen()	16	static
Screen.hpp:49:13:virtual touchgfx::Screen::~Screen()	16	static
Screen.hpp:96:18:virtual void touchgfx::Screen::setupScreen()	16	static
Screen.hpp:107:18:virtual void touchgfx::Screen::afterTransition()	16	static
Screen.hpp:118:18:virtual void touchgfx::Screen::tearDownScreen()	16	static
Screen.hpp:147:18:virtual void touchgfx::Screen::handleTickEvent()	16	static
Screen.hpp:157:18:virtual void touchgfx::Screen::handleKeyEvent(uint8_t)	16	static
Widget.hpp:50:18:virtual void touchgfx::Widget::getLastChild(int16_t, int16_t, touchgfx::Drawable**)	24	static
Widget.hpp:39:7:touchgfx::Widget::~Widget()	16	static
Widget.hpp:39:7:virtual touchgfx::Widget::~Widget()	16	static
AbstractButton.hpp:34:7:touchgfx::AbstractButton::~AbstractButton()	16	static
AbstractButton.hpp:34:7:virtual touchgfx::AbstractButton::~AbstractButton()	16	static
Container.hpp:42:7:touchgfx::Container::~Container()	16	static
Container.hpp:42:7:virtual touchgfx::Container::~Container()	16	static
TypedText.hpp:68:13:touchgfx::TypedText::~TypedText()	16	static
TypedText.hpp:68:13:virtual touchgfx::TypedText::~TypedText()	16	static
TextArea.hpp:44:7:touchgfx::TextArea::~TextArea()	16	static
TextArea.hpp:44:7:virtual touchgfx::TextArea::~TextArea()	16	static
AbstractPainter.hpp:54:13:touchgfx::AbstractPainter::~AbstractPainter()	16	static
AbstractPainter.hpp:54:13:virtual touchgfx::AbstractPainter::~AbstractPainter()	16	static
AbstractPainter.hpp:97:18:virtual void touchgfx::AbstractPainter::setAlpha(uint8_t)	16	static
AbstractPainter.hpp:103:21:virtual uint8_t touchgfx::AbstractPainter::getAlpha() const	16	static
CanvasWidget.hpp:67:18:virtual void touchgfx::CanvasWidget::setAlpha(uint8_t)	16	static
CanvasWidget.hpp:73:21:virtual uint8_t touchgfx::CanvasWidget::getAlpha() const	16	static
GraphElements.hpp:251:18:virtual void touchgfx::AbstractGraphElementNoCWR::setPainter(touchgfx::AbstractPainter&)	16	static
AbstractPainterRGB565.hpp:37:7:touchgfx::AbstractPainterRGB565::~AbstractPainterRGB565()	16	static
AbstractPainterRGB565.hpp:37:7:virtual touchgfx::AbstractPainterRGB565::~AbstractPainterRGB565()	16	static
View.hpp:40:7:touchgfx::View<MainPresenter>::~View()	16	static
View.hpp:40:7:virtual touchgfx::View<MainPresenter>::~View()	16	static
MainViewBase.hpp:28:13:MainViewBase::~MainViewBase()	16	static
MainViewBase.hpp:28:13:virtual MainViewBase::~MainViewBase()	16	static
MainView.hpp:11:13:MainView::~MainView()	16	static
MainView.hpp:11:13:virtual MainView::~MainView()	16	static
MainView.cpp:3:1:MainView::MainView()	16	static
MainView.cpp:8:6:virtual void MainView::setupScreen()	16	static
MainView.cpp:13:6:virtual void MainView::tearDownScreen()	16	static
Box.hpp:36:7:touchgfx::Box::~Box()	16	static
Box.hpp:36:7:virtual touchgfx::Box::~Box()	16	static
AbstractDataGraph.hpp:38:7:touchgfx::AbstractDataGraph::~AbstractDataGraph()	16	static
AbstractDataGraph.hpp:38:7:virtual touchgfx::AbstractDataGraph::~AbstractDataGraph()	16	static
AbstractDataGraph.hpp:900:7:touchgfx::AbstractDataGraphWithY::~AbstractDataGraphWithY()	16	static
AbstractDataGraph.hpp:900:7:virtual touchgfx::AbstractDataGraphWithY::~AbstractDataGraphWithY()	16	static
GraphWrapAndClear.hpp:33:7:touchgfx::DataGraphWrapAndClear::~DataGraphWrapAndClear()	16	static
GraphWrapAndClear.hpp:33:7:virtual touchgfx::DataGraphWrapAndClear::~DataGraphWrapAndClear()	16	static
GraphWrapAndClear.hpp:58:7:touchgfx::GraphWrapAndClear<100>::~GraphWrapAndClear()	16	static
GraphWrapAndClear.hpp:58:7:virtual touchgfx::GraphWrapAndClear<100>::~GraphWrapAndClear()	16	static
CanvasWidget.hpp:40:7:touchgfx::CanvasWidget::~CanvasWidget()	16	static
CanvasWidget.hpp:40:7:virtual touchgfx::CanvasWidget::~CanvasWidget()	16	static
GraphElements.hpp:29:7:touchgfx::AbstractGraphElement::~AbstractGraphElement()	16	static
GraphElements.hpp:29:7:virtual touchgfx::AbstractGraphElement::~AbstractGraphElement()	16	static
GraphElements.hpp:466:7:touchgfx::GraphElementLine::~GraphElementLine()	16	static
GraphElements.hpp:466:7:virtual touchgfx::GraphElementLine::~GraphElementLine()	16	static
PainterRGB565.hpp:36:7:touchgfx::PainterRGB565::~PainterRGB565()	16	static
PainterRGB565.hpp:36:7:virtual touchgfx::PainterRGB565::~PainterRGB565()	16	static
GraphElements.hpp:210:7:touchgfx::AbstractGraphElementNoCWR::~AbstractGraphElementNoCWR()	16	static
GraphElements.hpp:210:7:virtual touchgfx::AbstractGraphElementNoCWR::~AbstractGraphElementNoCWR()	16	static
GraphElements.hpp:257:7:touchgfx::GraphElementGridBase::~GraphElementGridBase()	16	static
GraphElements.hpp:257:7:virtual touchgfx::GraphElementGridBase::~GraphElementGridBase()	16	static
GraphElements.hpp:379:7:touchgfx::GraphElementGridY::~GraphElementGridY()	16	static
GraphElements.hpp:379:7:virtual touchgfx::GraphElementGridY::~GraphElementGridY()	16	static
GraphElements.hpp:353:7:touchgfx::GraphElementGridX::~GraphElementGridX()	16	static
GraphElements.hpp:353:7:virtual touchgfx::GraphElementGridX::~GraphElementGridX()	16	static
GraphLabels.hpp:30:7:touchgfx::AbstractGraphDecoration::~AbstractGraphDecoration()	16	static
GraphLabels.hpp:30:7:virtual touchgfx::AbstractGraphDecoration::~AbstractGraphDecoration()	16	static
GraphLabels.hpp:39:7:touchgfx::GraphLabelsBase::~GraphLabelsBase()	16	static
GraphLabels.hpp:39:7:virtual touchgfx::GraphLabelsBase::~GraphLabelsBase()	16	static
GraphLabels.hpp:203:7:touchgfx::GraphLabelsX::~GraphLabelsX()	16	static
GraphLabels.hpp:203:7:virtual touchgfx::GraphLabelsX::~GraphLabelsX()	16	static
GraphLabels.hpp:240:7:touchgfx::GraphLabelsY::~GraphLabelsY()	16	static
GraphLabels.hpp:240:7:virtual touchgfx::GraphLabelsY::~GraphLabelsY()	16	static
Button.hpp:33:7:touchgfx::Button::~Button()	16	static
Button.hpp:33:7:virtual touchgfx::Button::~Button()	16	static
ButtonWithIcon.hpp:36:7:touchgfx::ButtonWithIcon::~ButtonWithIcon()	16	static
ButtonWithIcon.hpp:36:7:virtual touchgfx::ButtonWithIcon::~ButtonWithIcon()	16	static
ButtonWithLabel.hpp:40:7:touchgfx::ButtonWithLabel::~ButtonWithLabel()	16	static
ButtonWithLabel.hpp:40:7:virtual touchgfx::ButtonWithLabel::~ButtonWithLabel()	16	static
GraphElements.hpp:549:7:touchgfx::GraphElementHistogram::~GraphElementHistogram()	16	static
GraphElements.hpp:549:7:virtual touchgfx::GraphElementHistogram::~GraphElementHistogram()	16	static
AbstractClock.hpp:36:7:touchgfx::AbstractClock::~AbstractClock()	16	static
AbstractClock.hpp:36:7:virtual touchgfx::AbstractClock::~AbstractClock()	16	static
TextAreaWithWildcard.hpp:37:7:touchgfx::TextAreaWithOneWildcard::~TextAreaWithOneWildcard()	16	static
TextAreaWithWildcard.hpp:37:7:virtual touchgfx::TextAreaWithOneWildcard::~TextAreaWithOneWildcard()	16	static
DigitalClock.hpp:39:7:touchgfx::DigitalClock::~DigitalClock()	16	static
DigitalClock.hpp:39:7:virtual touchgfx::DigitalClock::~DigitalClock()	16	static
Line.hpp:55:7:touchgfx::Line::~Line()	16	static
Line.hpp:55:7:virtual touchgfx::Line::~Line()	16	static
